============================================================
  Generated by:           Genus(TM) Synthesis Solution 22.17-s071_1
  Generated on:           Apr 10 2026  04:48:14 pm
  Module:                 bound_flasher
  Technology libraries:   slow_1v0 
                          pll 0.0
                          CDK_S128x16 0.0
                          CDK_S256x16 0.0
                          CDK_R512x16 0.0
                          physical_cells 
  Operating conditions:   slow 
  Interconnect mode:      global
  Area mode:              physical library
============================================================

Timing
--------

Clock Period 
-------------
clk   1370.0 


  Cost    Critical         Violating 
 Group   Path Slack  TNS     Paths   
-------------------------------------
clk             0.0   0.0          0 
default    No paths   0.0            
-------------------------------------
Total                 0.0          0 

Instance Count
--------------
Leaf Instance Count             156 
Physical Instance count           0 
Sequential Instance Count        20 
Combinational Instance Count    136 
Hierarchical Instance Count       0 

Area
----
Cell Area                          482.665
Physical Cell Area                 0.000
Total Cell Area (Cell+Physical)    482.665
Net Area                           195.171
Total Area (Cell+Physical+Net)     677.836

Runtime                            0.0 seconds
Elapsed Runtime                    62 seconds
Genus peak memory usage            1617.12 
Innovus peak memory usage          no_value 
Hostname                           vlsiktmt.tailff29c4.ts.net
