============================================================
  Generated by:           Genus(TM) Synthesis Solution 22.17-s071_1
  Generated on:           Apr 10 2026  04:48:13 pm
  Module:                 bound_flasher
  Operating conditions:   slow 
  Interconnect mode:      global
  Area mode:              physical library
============================================================


Path 1: MET (0 ps) Setup Check with Pin state_reg[3]/CK->D
          Group: clk
     Startpoint: (R) lamp_reg[13]/CK
          Clock: (R) clk
       Endpoint: (R) state_reg[3]/D
          Clock: (R) clk

                     Capture       Launch     
        Clock Edge:+    1370            0     
       Src Latency:+       0            0     
       Net Latency:+       0 (I)        0 (I) 
           Arrival:=    1370            0     
                                              
             Setup:-     190                  
     Required Time:=    1180                  
      Launch Clock:-       0                  
         Data Path:-    1180                  
             Slack:=       0                  

#----------------------------------------------------------------------------------------
#  Timing Point   Flags   Arc   Edge   Cell     Fanout Load Trans Delay Arrival Instance 
#                                                      (fF)  (ps)  (ps)   (ps)  Location 
#----------------------------------------------------------------------------------------
  lamp_reg[13]/CK -       -     R     (arrival)     20    -     0     0       0    (-,-) 
  lamp_reg[13]/Q  -       CK->Q R     DFFRX2         6 21.0   189   360     360    (-,-) 
  g5104__8246/Y   -       A->Y  R     CLKAND2X3      1  7.0    55   144     504    (-,-) 
  g5068__2398/Y   -       C->Y  F     NAND3X4        2  6.8   149    99     603    (-,-) 
  g5037__1617/Y   -       A->Y  F     OR2X1          2  6.9   134   194     797    (-,-) 
  g5005__3680/Y   -       C->Y  F     OR4X1          1  4.8   135   290    1086    (-,-) 
  g4975__5526/Y   -       B0->Y R     OAI31X1        1  4.7   279    93    1180    (-,-) 
  state_reg[3]/D  -       -     R     DFFRHQX2       1    -     -     0    1180    (-,-) 
#----------------------------------------------------------------------------------------



Path 2: MET (1 ps) Setup Check with Pin state_reg[0]/CK->D
          Group: clk
     Startpoint: (R) lamp_reg[6]/CK
          Clock: (R) clk
       Endpoint: (R) state_reg[0]/D
          Clock: (R) clk

                     Capture       Launch     
        Clock Edge:+    1370            0     
       Src Latency:+       0            0     
       Net Latency:+       0 (I)        0 (I) 
           Arrival:=    1370            0     
                                              
             Setup:-     136                  
     Required Time:=    1234                  
      Launch Clock:-       0                  
         Data Path:-    1232                  
             Slack:=       1                  

#---------------------------------------------------------------------------------------
# Timing Point   Flags   Arc   Edge   Cell     Fanout Load Trans Delay Arrival Instance 
#                                                     (fF)  (ps)  (ps)   (ps)  Location 
#---------------------------------------------------------------------------------------
  lamp_reg[6]/CK -       -     R     (arrival)     20    -     0     0       0    (-,-) 
  lamp_reg[6]/Q  -       CK->Q F     DFFRHQX4      10 35.4   163   324     324    (-,-) 
  g5095__5477/Y  -       B->Y  R     NOR2X2         2  9.7   176   141     465    (-,-) 
  g5059__5222/Y  -       A->Y  F     NAND2X4        3 13.1   142   138     603    (-,-) 
  g5036__5526/Y  -       B->Y  R     NOR2X4         2 11.3   121   104     707    (-,-) 
  g5006__6783/Y  -       C->Y  F     NAND3X6        2  8.7   140   113     820    (-,-) 
  g4997/Y        -       A->Y  R     INVX2          2  9.7    92    92     912    (-,-) 
  g4994__1881/Y  -       B->Y  F     NAND2X4        2  7.8   105    83     995    (-,-) 
  g4971__8428/Y  -       B->Y  F     AND2X1         1  5.4   104   131    1126    (-,-) 
  g5170__5107/Y  -       A1->Y R     OAI211X2       1  4.7   131   107    1232    (-,-) 
  state_reg[0]/D -       -     R     DFFRHQX2       1    -     -     0    1232    (-,-) 
#---------------------------------------------------------------------------------------



Path 3: MET (2 ps) Setup Check with Pin lamp_reg[6]/CK->D
          Group: clk
     Startpoint: (R) lamp_reg[3]/CK
          Clock: (R) clk
       Endpoint: (F) lamp_reg[6]/D
          Clock: (R) clk

                     Capture       Launch     
        Clock Edge:+    1370            0     
       Src Latency:+       0            0     
       Net Latency:+       0 (I)        0 (I) 
           Arrival:=    1370            0     
                                              
             Setup:-      70                  
     Required Time:=    1300                  
      Launch Clock:-       0                  
         Data Path:-    1299                  
             Slack:=       2                  

#----------------------------------------------------------------------------------------
# Timing Point   Flags    Arc   Edge   Cell     Fanout Load Trans Delay Arrival Instance 
#                                                      (fF)  (ps)  (ps)   (ps)  Location 
#----------------------------------------------------------------------------------------
  lamp_reg[3]/CK -       -      R     (arrival)     20    -     0     0       0    (-,-) 
  lamp_reg[3]/Q  -       CK->Q  R     DFFRHQX1       2  6.6   121   302     302    (-,-) 
  g5206/Y        -       A->Y   R     BUFX4          4 16.2    79   133     435    (-,-) 
  g5109__1666/Y  -       B->Y   R     CLKAND2X6      2  9.6    44    95     530    (-,-) 
  g5083__3680/Y  -       B->Y   F     NAND2X4        2 10.3   113    77     608    (-,-) 
  g5055__7098/Y  -       B->Y   R     NOR2X2         1  5.6   112    94     702    (-,-) 
  g5027__6161/Y  -       A->Y   F     NAND2X2        1  4.8   109   104     805    (-,-) 
  g4993__4733/Y  -       A1->Y  R     AOI21X1        1  4.8   182   139     945    (-,-) 
  g4970__1617/Y  -       B->Y   F     NAND2X1        1  4.5   179   155    1100    (-,-) 
  g4963__6260/Y  -       A1N->Y F     OAI2BB1X1      1  4.6   181   199    1299    (-,-) 
  lamp_reg[6]/D  -       -      F     DFFRHQX4       1    -     -     0    1299    (-,-) 
#----------------------------------------------------------------------------------------



Path 4: MET (6 ps) Setup Check with Pin lamp_reg[11]/CK->D
          Group: clk
     Startpoint: (R) state_reg[3]/CK
          Clock: (R) clk
       Endpoint: (R) lamp_reg[11]/D
          Clock: (R) clk

                     Capture       Launch     
        Clock Edge:+    1370            0     
       Src Latency:+       0            0     
       Net Latency:+       0 (I)        0 (I) 
           Arrival:=    1370            0     
                                              
             Setup:-     134                  
     Required Time:=    1236                  
      Launch Clock:-       0                  
         Data Path:-    1230                  
             Slack:=       6                  

#-----------------------------------------------------------------------------------------
#  Timing Point   Flags    Arc   Edge   Cell     Fanout Load Trans Delay Arrival Instance 
#                                                       (fF)  (ps)  (ps)   (ps)  Location 
#-----------------------------------------------------------------------------------------
  state_reg[3]/CK -       -      R     (arrival)     20    -     0     0       0    (-,-) 
  state_reg[3]/Q  -       CK->Q  F     DFFRHQX2       3 13.0   125   303     303    (-,-) 
  g5134/Y         -       A->Y   R     CLKINVX4       3 15.4    80    79     382    (-,-) 
  g5097__6161/Y   -       B->Y   R     AND2X6         5 20.6    79   142     524    (-,-) 
  g5077__8428/Y   -       B->Y   F     NAND2X4        4 13.3   147   101     624    (-,-) 
  g5071/Y         -       A->Y   R     INVX1          2  7.4   126   114     738    (-,-) 
  g5046__3680/Y   -       A1->Y  F     AOI22X1        1  4.8   227   173     911    (-,-) 
  g5028__4733/Y   -       B0->Y  R     OAI21X1        1  4.5   176   126    1037    (-,-) 
  g4972__1705/Y   -       A1N->Y R     OAI2BB1X1      1  4.6   103   193    1230    (-,-) 
  lamp_reg[11]/D  -       -      R     DFFRHQX4       1    -     -     0    1230    (-,-) 
#-----------------------------------------------------------------------------------------



Path 5: MET (7 ps) Setup Check with Pin state_reg[2]/CK->D
          Group: clk
     Startpoint: (R) lamp_reg[3]/CK
          Clock: (R) clk
       Endpoint: (R) state_reg[2]/D
          Clock: (R) clk

                     Capture       Launch     
        Clock Edge:+    1370            0     
       Src Latency:+       0            0     
       Net Latency:+       0 (I)        0 (I) 
           Arrival:=    1370            0     
                                              
             Setup:-     136                  
     Required Time:=    1234                  
      Launch Clock:-       0                  
         Data Path:-    1227                  
             Slack:=       7                  

#---------------------------------------------------------------------------------------
# Timing Point   Flags   Arc   Edge   Cell     Fanout Load Trans Delay Arrival Instance 
#                                                     (fF)  (ps)  (ps)   (ps)  Location 
#---------------------------------------------------------------------------------------
  lamp_reg[3]/CK -       -     R     (arrival)     20    -     0     0       0    (-,-) 
  lamp_reg[3]/Q  -       CK->Q R     DFFRHQX1       2  6.6   121   302     302    (-,-) 
  g5206/Y        -       A->Y  R     BUFX4          4 16.2    79   133     435    (-,-) 
  g5109__1666/Y  -       B->Y  R     CLKAND2X6      2  9.6    44    95     530    (-,-) 
  g5083__3680/Y  -       B->Y  F     NAND2X4        2 10.3   113    77     608    (-,-) 
  g5058__5115/Y  -       B->Y  R     NOR2X4         2 11.2   116    94     702    (-,-) 
  g5022__7482/Y  -       A->Y  R     CLKAND2X6      3 12.8    51   118     819    (-,-) 
  g5007__2346/Y  -       B->Y  R     CLKAND2X6      3 10.6    46    87     906    (-,-) 
  g4968__4319/Y  -       A2->Y F     AOI33X2        1  5.4   291   188    1094    (-,-) 
  g4962__2398/Y  -       C->Y  R     NAND3BX2       1  4.6   110   132    1227    (-,-) 
  state_reg[2]/D -       -     R     DFFRHQX4       1    -     -     0    1227    (-,-) 
#---------------------------------------------------------------------------------------



Path 6: MET (11 ps) Setup Check with Pin lamp_reg[4]/CK->D
          Group: clk
     Startpoint: (R) state_reg[3]/CK
          Clock: (R) clk
       Endpoint: (R) lamp_reg[4]/D
          Clock: (R) clk

                     Capture       Launch     
        Clock Edge:+    1370            0     
       Src Latency:+       0            0     
       Net Latency:+       0 (I)        0 (I) 
           Arrival:=    1370            0     
                                              
             Setup:-     128                  
     Required Time:=    1242                  
      Launch Clock:-       0                  
         Data Path:-    1230                  
             Slack:=      11                  

#----------------------------------------------------------------------------------------
#  Timing Point   Flags   Arc   Edge   Cell     Fanout Load Trans Delay Arrival Instance 
#                                                      (fF)  (ps)  (ps)   (ps)  Location 
#----------------------------------------------------------------------------------------
  state_reg[3]/CK -       -     R     (arrival)     20    -     0     0       0    (-,-) 
  state_reg[3]/Q  -       CK->Q F     DFFRHQX2       3 13.0   125   303     303    (-,-) 
  g5134/Y         -       A->Y  R     CLKINVX4       3 15.4    80    79     382    (-,-) 
  g5098__4733/Y   -       B->Y  F     NAND2X4        5 16.2   162   113     495    (-,-) 
  g5084__2802/Y   -       B->Y  F     OR2X4          4 13.5    90   189     684    (-,-) 
  g5061__2883/Y   -       A->Y  R     NAND2X2        2  7.8    87    72     756    (-,-) 
  g5218/Y         -       A->Y  R     BUFX6         11 33.3    97   119     876    (-,-) 
  g5053/Y         -       A->Y  R     BUFX6          6 17.1    59   104     979    (-,-) 
  g5043__9945/Y   -       B0->Y F     OAI21X1        1  4.8   199   132    1111    (-,-) 
  g5000__1666/Y   -       B0->Y R     OAI2BB1X1      1  4.7   106   119    1230    (-,-) 
  lamp_reg[4]/D   -       -     R     DFFRHQX1       1    -     -     0    1230    (-,-) 
#----------------------------------------------------------------------------------------



Path 7: MET (18 ps) Setup Check with Pin lamp_reg[0]/CK->D
          Group: clk
     Startpoint: (R) state_reg[3]/CK
          Clock: (R) clk
       Endpoint: (R) lamp_reg[0]/D
          Clock: (R) clk

                     Capture       Launch     
        Clock Edge:+    1370            0     
       Src Latency:+       0            0     
       Net Latency:+       0 (I)        0 (I) 
           Arrival:=    1370            0     
                                              
             Setup:-     192                  
     Required Time:=    1178                  
      Launch Clock:-       0                  
         Data Path:-    1161                  
             Slack:=      18                  

#----------------------------------------------------------------------------------------
#  Timing Point   Flags   Arc   Edge   Cell     Fanout Load Trans Delay Arrival Instance 
#                                                      (fF)  (ps)  (ps)   (ps)  Location 
#----------------------------------------------------------------------------------------
  state_reg[3]/CK -       -     R     (arrival)     20    -     0     0       0    (-,-) 
  state_reg[3]/Q  -       CK->Q F     DFFRHQX2       3 13.0   125   303     303    (-,-) 
  g5134/Y         -       A->Y  R     CLKINVX4       3 15.4    80    79     382    (-,-) 
  g5097__6161/Y   -       B->Y  R     AND2X6         5 20.6    79   142     524    (-,-) 
  g5088/Y         -       A->Y  F     INVX2          2  8.2    79    70     594    (-,-) 
  g5081__6417/Y   -       B->Y  R     NOR2X2         2  8.1   154   101     695    (-,-) 
  g5049__5122/Y   -       B->Y  R     OR3X6         15 40.8   119   168     863    (-,-) 
  g5014__6260/Y   -       A1->Y F     AOI22X1        1  4.8   227   170    1034    (-,-) 
  g4989__8246/Y   -       B0->Y R     OAI31X1        1  4.7   286   127    1161    (-,-) 
  lamp_reg[0]/D   -       -     R     DFFRHQX1       1    -     -     0    1161    (-,-) 
#----------------------------------------------------------------------------------------



Path 8: MET (25 ps) Setup Check with Pin state_reg[1]/CK->D
          Group: clk
     Startpoint: (R) lamp_reg[3]/CK
          Clock: (R) clk
       Endpoint: (F) state_reg[1]/D
          Clock: (R) clk

                     Capture       Launch     
        Clock Edge:+    1370            0     
       Src Latency:+       0            0     
       Net Latency:+       0 (I)        0 (I) 
           Arrival:=    1370            0     
                                              
             Setup:-      74                  
     Required Time:=    1296                  
      Launch Clock:-       0                  
         Data Path:-    1272                  
             Slack:=      25                  

#----------------------------------------------------------------------------------------
# Timing Point   Flags    Arc   Edge   Cell     Fanout Load Trans Delay Arrival Instance 
#                                                      (fF)  (ps)  (ps)   (ps)  Location 
#----------------------------------------------------------------------------------------
  lamp_reg[3]/CK -       -      R     (arrival)     20    -     0     0       0    (-,-) 
  lamp_reg[3]/Q  -       CK->Q  R     DFFRHQX1       2  6.6   121   302     302    (-,-) 
  g5206/Y        -       A->Y   R     BUFX4          4 16.2    79   133     435    (-,-) 
  g5109__1666/Y  -       B->Y   R     CLKAND2X6      2  9.6    44    95     530    (-,-) 
  g5083__3680/Y  -       B->Y   F     NAND2X4        2 10.3   113    77     608    (-,-) 
  g5058__5115/Y  -       B->Y   R     NOR2X4         2 11.2   116    94     702    (-,-) 
  g5038__1705/Y  -       B->Y   F     NAND2X4        3 10.3   140   101     803    (-,-) 
  g5009__5107/Y  -       C0->Y  R     AOI211X2       1  4.5   169   128     930    (-,-) 
  g4976__7098/Y  -       A1N->Y R     OAI2BB1X1      1  5.4   106   196    1126    (-,-) 
  g5172__6260/Y  -       C0->Y  F     OAI211X2       1  4.6   198   145    1272    (-,-) 
  state_reg[1]/D -       -      F     DFFRHQX4       1    -     -     0    1272    (-,-) 
#----------------------------------------------------------------------------------------



Path 9: MET (47 ps) Setup Check with Pin lamp_reg[5]/CK->D
          Group: clk
     Startpoint: (R) state_reg[1]/CK
          Clock: (R) clk
       Endpoint: (F) lamp_reg[5]/D
          Clock: (R) clk

                     Capture       Launch     
        Clock Edge:+    1370            0     
       Src Latency:+       0            0     
       Net Latency:+       0 (I)        0 (I) 
           Arrival:=    1370            0     
                                              
             Setup:-      90                  
     Required Time:=    1280                  
      Launch Clock:-       0                  
         Data Path:-    1233                  
             Slack:=      47                  

#----------------------------------------------------------------------------------------
#  Timing Point   Flags   Arc   Edge   Cell     Fanout Load Trans Delay Arrival Instance 
#                                                      (fF)  (ps)  (ps)   (ps)  Location 
#----------------------------------------------------------------------------------------
  state_reg[1]/CK -       -     R     (arrival)     20    -     0     0       0    (-,-) 
  state_reg[1]/Q  -       CK->Q R     DFFRHQX4       7 26.3   125   309     309    (-,-) 
  g5131/Y         -       A->Y  F     INVX3          4 14.1    98    93     402    (-,-) 
  g5094__1881/Y   -       B->Y  R     NAND2X2        2  7.5    81    73     475    (-,-) 
  g5066__7410/Y   -       A0->Y F     AOI21X1        1  5.4   219   158     634    (-,-) 
  g5049__5122/Y   -       C->Y  F     OR3X6         15 41.2   155   262     896    (-,-) 
  g5017__5526/Y   -       A1->Y R     AOI22X1        1  4.8   194   171    1066    (-,-) 
  g4979__3680/Y   -       B0->Y F     OAI2BB1X1      1  4.5   178   167    1233    (-,-) 
  lamp_reg[5]/D   -       -     F     DFFRX1         1    -     -     0    1233    (-,-) 
#----------------------------------------------------------------------------------------



Path 10: MET (50 ps) Setup Check with Pin lamp_reg[10]/CK->D
          Group: clk
     Startpoint: (R) state_reg[1]/CK
          Clock: (R) clk
       Endpoint: (F) lamp_reg[10]/D
          Clock: (R) clk

                     Capture       Launch     
        Clock Edge:+    1370            0     
       Src Latency:+       0            0     
       Net Latency:+       0 (I)        0 (I) 
           Arrival:=    1370            0     
                                              
             Setup:-      94                  
     Required Time:=    1276                  
      Launch Clock:-       0                  
         Data Path:-    1225                  
             Slack:=      50                  

#----------------------------------------------------------------------------------------
#  Timing Point   Flags   Arc   Edge   Cell     Fanout Load Trans Delay Arrival Instance 
#                                                      (fF)  (ps)  (ps)   (ps)  Location 
#----------------------------------------------------------------------------------------
  state_reg[1]/CK -       -     R     (arrival)     20    -     0     0       0    (-,-) 
  state_reg[1]/Q  -       CK->Q R     DFFRHQX4       7 26.3   125   309     309    (-,-) 
  g5131/Y         -       A->Y  F     INVX3          4 14.1    98    93     402    (-,-) 
  g5094__1881/Y   -       B->Y  R     NAND2X2        2  7.5    81    73     475    (-,-) 
  g5066__7410/Y   -       A0->Y F     AOI21X1        1  5.4   219   158     634    (-,-) 
  g5049__5122/Y   -       C->Y  F     OR3X6         15 41.2   155   262     896    (-,-) 
  g5016__8428/Y   -       A1->Y R     AOI22X1        1  4.8   194   171    1066    (-,-) 
  g5202/Y         -       B->Y  F     NAND2BX1       1  4.5   180   159    1225    (-,-) 
  lamp_reg[10]/D  -       -     F     DFFRX2         1    -     -     0    1225    (-,-) 
#----------------------------------------------------------------------------------------



Path 11: MET (80 ps) Setup Check with Pin lamp_reg[15]/CK->D
          Group: clk
     Startpoint: (R) state_reg[3]/CK
          Clock: (R) clk
       Endpoint: (R) lamp_reg[15]/D
          Clock: (R) clk

                     Capture       Launch     
        Clock Edge:+    1370            0     
       Src Latency:+       0            0     
       Net Latency:+       0 (I)        0 (I) 
           Arrival:=    1370            0     
                                              
             Setup:-     165                  
     Required Time:=    1205                  
      Launch Clock:-       0                  
         Data Path:-    1126                  
             Slack:=      80                  

#----------------------------------------------------------------------------------------
#  Timing Point   Flags   Arc   Edge   Cell     Fanout Load Trans Delay Arrival Instance 
#                                                      (fF)  (ps)  (ps)   (ps)  Location 
#----------------------------------------------------------------------------------------
  state_reg[3]/CK -       -     R     (arrival)     20    -     0     0       0    (-,-) 
  state_reg[3]/Q  -       CK->Q F     DFFRHQX2       3 13.0   125   303     303    (-,-) 
  g5134/Y         -       A->Y  R     CLKINVX4       3 15.4    80    79     382    (-,-) 
  g5098__4733/Y   -       B->Y  F     NAND2X4        5 16.2   162   113     495    (-,-) 
  g5084__2802/Y   -       B->Y  F     OR2X4          4 13.5    90   189     684    (-,-) 
  g5061__2883/Y   -       A->Y  R     NAND2X2        2  7.8    87    72     756    (-,-) 
  g5218/Y         -       A->Y  R     BUFX6         11 33.3    97   119     876    (-,-) 
  g5053/Y         -       A->Y  R     BUFX6          6 17.1    59   104     979    (-,-) 
  g5204/Y         -       AN->Y R     NOR2BX1        1  4.5   159   146    1126    (-,-) 
  lamp_reg[15]/D  -       -     R     DFFRX2         1    -     -     0    1126    (-,-) 
#----------------------------------------------------------------------------------------



Path 12: MET (83 ps) Setup Check with Pin lamp_reg[1]/CK->D
          Group: clk
     Startpoint: (R) state_reg[3]/CK
          Clock: (R) clk
       Endpoint: (R) lamp_reg[1]/D
          Clock: (R) clk

                     Capture       Launch     
        Clock Edge:+    1370            0     
       Src Latency:+       0            0     
       Net Latency:+       0 (I)        0 (I) 
           Arrival:=    1370            0     
                                              
             Setup:-     146                  
     Required Time:=    1224                  
      Launch Clock:-       0                  
         Data Path:-    1141                  
             Slack:=      83                  

#----------------------------------------------------------------------------------------
#  Timing Point   Flags   Arc   Edge   Cell     Fanout Load Trans Delay Arrival Instance 
#                                                      (fF)  (ps)  (ps)   (ps)  Location 
#----------------------------------------------------------------------------------------
  state_reg[3]/CK -       -     R     (arrival)     20    -     0     0       0    (-,-) 
  state_reg[3]/Q  -       CK->Q F     DFFRHQX2       3 13.0   125   303     303    (-,-) 
  g5134/Y         -       A->Y  R     CLKINVX4       3 15.4    80    79     382    (-,-) 
  g5098__4733/Y   -       B->Y  F     NAND2X4        5 16.2   162   113     495    (-,-) 
  g5084__2802/Y   -       B->Y  F     OR2X4          4 13.5    90   189     684    (-,-) 
  g5061__2883/Y   -       A->Y  R     NAND2X2        2  7.8    87    72     756    (-,-) 
  g5218/Y         -       A->Y  R     BUFX6         11 33.3    97   119     876    (-,-) 
  g5044__5477/Y   -       B0->Y F     OAI21X1        1  4.8   206   144    1020    (-,-) 
  g5003__5122/Y   -       B0->Y R     OAI2BB1X1      1  4.6   105   121    1141    (-,-) 
  lamp_reg[1]/D   -       -     R     DFFRX4         1    -     -     0    1141    (-,-) 
#----------------------------------------------------------------------------------------



Path 13: MET (92 ps) Setup Check with Pin lamp_reg[13]/CK->D
          Group: clk
     Startpoint: (R) state_reg[3]/CK
          Clock: (R) clk
       Endpoint: (R) lamp_reg[13]/D
          Clock: (R) clk

                     Capture       Launch     
        Clock Edge:+    1370            0     
       Src Latency:+       0            0     
       Net Latency:+       0 (I)        0 (I) 
           Arrival:=    1370            0     
                                              
             Setup:-     139                  
     Required Time:=    1231                  
      Launch Clock:-       0                  
         Data Path:-    1138                  
             Slack:=      92                  

#----------------------------------------------------------------------------------------
#  Timing Point   Flags   Arc   Edge   Cell     Fanout Load Trans Delay Arrival Instance 
#                                                      (fF)  (ps)  (ps)   (ps)  Location 
#----------------------------------------------------------------------------------------
  state_reg[3]/CK -       -     R     (arrival)     20    -     0     0       0    (-,-) 
  state_reg[3]/Q  -       CK->Q F     DFFRHQX2       3 13.0   125   303     303    (-,-) 
  g5134/Y         -       A->Y  R     CLKINVX4       3 15.4    80    79     382    (-,-) 
  g5098__4733/Y   -       B->Y  F     NAND2X4        5 16.2   162   113     495    (-,-) 
  g5084__2802/Y   -       B->Y  F     OR2X4          4 13.5    90   189     684    (-,-) 
  g5061__2883/Y   -       A->Y  R     NAND2X2        2  7.8    87    72     756    (-,-) 
  g5218/Y         -       A->Y  R     BUFX6         11 33.3    97   119     876    (-,-) 
  g5053/Y         -       A->Y  R     BUFX6          6 17.1    59   104     979    (-,-) 
  g5011__9315/Y   -       B1->Y R     AO22X1         1  4.5   101   159    1138    (-,-) 
  lamp_reg[13]/D  -       -     R     DFFRX2         1    -     -     0    1138    (-,-) 
#----------------------------------------------------------------------------------------



Path 14: MET (92 ps) Setup Check with Pin lamp_reg[14]/CK->D
          Group: clk
     Startpoint: (R) state_reg[3]/CK
          Clock: (R) clk
       Endpoint: (R) lamp_reg[14]/D
          Clock: (R) clk

                     Capture       Launch     
        Clock Edge:+    1370            0     
       Src Latency:+       0            0     
       Net Latency:+       0 (I)        0 (I) 
           Arrival:=    1370            0     
                                              
             Setup:-     140                  
     Required Time:=    1230                  
      Launch Clock:-       0                  
         Data Path:-    1138                  
             Slack:=      92                  

#----------------------------------------------------------------------------------------
#  Timing Point   Flags   Arc   Edge   Cell     Fanout Load Trans Delay Arrival Instance 
#                                                      (fF)  (ps)  (ps)   (ps)  Location 
#----------------------------------------------------------------------------------------
  state_reg[3]/CK -       -     R     (arrival)     20    -     0     0       0    (-,-) 
  state_reg[3]/Q  -       CK->Q F     DFFRHQX2       3 13.0   125   303     303    (-,-) 
  g5134/Y         -       A->Y  R     CLKINVX4       3 15.4    80    79     382    (-,-) 
  g5098__4733/Y   -       B->Y  F     NAND2X4        5 16.2   162   113     495    (-,-) 
  g5084__2802/Y   -       B->Y  F     OR2X4          4 13.5    90   189     684    (-,-) 
  g5061__2883/Y   -       A->Y  R     NAND2X2        2  7.8    87    72     756    (-,-) 
  g5218/Y         -       A->Y  R     BUFX6         11 33.3    97   119     876    (-,-) 
  g5040__2883/Y   -       B0->Y F     OAI21X1        1  4.8   199   144    1020    (-,-) 
  g4998__1617/Y   -       B0->Y R     OAI2BB1X1      1  4.5   103   118    1138    (-,-) 
  lamp_reg[14]/D  -       -     R     DFFRX2         1    -     -     0    1138    (-,-) 
#----------------------------------------------------------------------------------------



Path 15: MET (92 ps) Setup Check with Pin lamp_reg[2]/CK->D
          Group: clk
     Startpoint: (R) state_reg[3]/CK
          Clock: (R) clk
       Endpoint: (R) lamp_reg[2]/D
          Clock: (R) clk

                     Capture       Launch     
        Clock Edge:+    1370            0     
       Src Latency:+       0            0     
       Net Latency:+       0 (I)        0 (I) 
           Arrival:=    1370            0     
                                              
             Setup:-     140                  
     Required Time:=    1230                  
      Launch Clock:-       0                  
         Data Path:-    1138                  
             Slack:=      92                  

#----------------------------------------------------------------------------------------
#  Timing Point   Flags   Arc   Edge   Cell     Fanout Load Trans Delay Arrival Instance 
#                                                      (fF)  (ps)  (ps)   (ps)  Location 
#----------------------------------------------------------------------------------------
  state_reg[3]/CK -       -     R     (arrival)     20    -     0     0       0    (-,-) 
  state_reg[3]/Q  -       CK->Q F     DFFRHQX2       3 13.0   125   303     303    (-,-) 
  g5134/Y         -       A->Y  R     CLKINVX4       3 15.4    80    79     382    (-,-) 
  g5098__4733/Y   -       B->Y  F     NAND2X4        5 16.2   162   113     495    (-,-) 
  g5084__2802/Y   -       B->Y  F     OR2X4          4 13.5    90   189     684    (-,-) 
  g5061__2883/Y   -       A->Y  R     NAND2X2        2  7.8    87    72     756    (-,-) 
  g5218/Y         -       A->Y  R     BUFX6         11 33.3    97   119     876    (-,-) 
  g5041__1666/Y   -       B0->Y F     OAI21X1        1  4.8   199   144    1020    (-,-) 
  g4999__2802/Y   -       B0->Y R     OAI2BB1X1      1  4.5   103   118    1138    (-,-) 
  lamp_reg[2]/D   -       -     R     DFFRX2         1    -     -     0    1138    (-,-) 
#----------------------------------------------------------------------------------------



Path 16: MET (97 ps) Setup Check with Pin lamp_reg[8]/CK->D
          Group: clk
     Startpoint: (R) state_reg[3]/CK
          Clock: (R) clk
       Endpoint: (R) lamp_reg[8]/D
          Clock: (R) clk

                     Capture       Launch     
        Clock Edge:+    1370            0     
       Src Latency:+       0            0     
       Net Latency:+       0 (I)        0 (I) 
           Arrival:=    1370            0     
                                              
             Setup:-     134                  
     Required Time:=    1236                  
      Launch Clock:-       0                  
         Data Path:-    1139                  
             Slack:=      97                  

#----------------------------------------------------------------------------------------
#  Timing Point   Flags   Arc   Edge   Cell     Fanout Load Trans Delay Arrival Instance 
#                                                      (fF)  (ps)  (ps)   (ps)  Location 
#----------------------------------------------------------------------------------------
  state_reg[3]/CK -       -     R     (arrival)     20    -     0     0       0    (-,-) 
  state_reg[3]/Q  -       CK->Q F     DFFRHQX2       3 13.0   125   303     303    (-,-) 
  g5134/Y         -       A->Y  R     CLKINVX4       3 15.4    80    79     382    (-,-) 
  g5098__4733/Y   -       B->Y  F     NAND2X4        5 16.2   162   113     495    (-,-) 
  g5084__2802/Y   -       B->Y  F     OR2X4          4 13.5    90   189     684    (-,-) 
  g5061__2883/Y   -       A->Y  R     NAND2X2        2  7.8    87    72     756    (-,-) 
  g5218/Y         -       A->Y  R     BUFX6         11 33.3    97   119     876    (-,-) 
  g5045__6417/Y   -       B0->Y F     OAI21X1        1  4.8   199   144    1020    (-,-) 
  g5004__8246/Y   -       B0->Y R     OAI2BB1X1      1  4.6   104   118    1139    (-,-) 
  lamp_reg[8]/D   -       -     R     DFFRHQX4       1    -     -     0    1139    (-,-) 
#----------------------------------------------------------------------------------------



Path 17: MET (97 ps) Setup Check with Pin lamp_reg[9]/CK->D
          Group: clk
     Startpoint: (R) state_reg[3]/CK
          Clock: (R) clk
       Endpoint: (R) lamp_reg[9]/D
          Clock: (R) clk

                     Capture       Launch     
        Clock Edge:+    1370            0     
       Src Latency:+       0            0     
       Net Latency:+       0 (I)        0 (I) 
           Arrival:=    1370            0     
                                              
             Setup:-     134                  
     Required Time:=    1236                  
      Launch Clock:-       0                  
         Data Path:-    1139                  
             Slack:=      97                  

#----------------------------------------------------------------------------------------
#  Timing Point   Flags   Arc   Edge   Cell     Fanout Load Trans Delay Arrival Instance 
#                                                      (fF)  (ps)  (ps)   (ps)  Location 
#----------------------------------------------------------------------------------------
  state_reg[3]/CK -       -     R     (arrival)     20    -     0     0       0    (-,-) 
  state_reg[3]/Q  -       CK->Q F     DFFRHQX2       3 13.0   125   303     303    (-,-) 
  g5134/Y         -       A->Y  R     CLKINVX4       3 15.4    80    79     382    (-,-) 
  g5098__4733/Y   -       B->Y  F     NAND2X4        5 16.2   162   113     495    (-,-) 
  g5084__2802/Y   -       B->Y  F     OR2X4          4 13.5    90   189     684    (-,-) 
  g5061__2883/Y   -       A->Y  R     NAND2X2        2  7.8    87    72     756    (-,-) 
  g5218/Y         -       A->Y  R     BUFX6         11 33.3    97   119     876    (-,-) 
  g5053/Y         -       A->Y  R     BUFX6          6 17.1    59   104     979    (-,-) 
  g5013__7410/Y   -       B1->Y R     AO22X1         1  4.6   102   160    1139    (-,-) 
  lamp_reg[9]/D   -       -     R     DFFRHQX4       1    -     -     0    1139    (-,-) 
#----------------------------------------------------------------------------------------



Path 18: MET (97 ps) Setup Check with Pin lamp_reg[7]/CK->D
          Group: clk
     Startpoint: (R) state_reg[3]/CK
          Clock: (R) clk
       Endpoint: (R) lamp_reg[7]/D
          Clock: (R) clk

                     Capture       Launch     
        Clock Edge:+    1370            0     
       Src Latency:+       0            0     
       Net Latency:+       0 (I)        0 (I) 
           Arrival:=    1370            0     
                                              
             Setup:-     134                  
     Required Time:=    1236                  
      Launch Clock:-       0                  
         Data Path:-    1139                  
             Slack:=      97                  

#----------------------------------------------------------------------------------------
#  Timing Point   Flags   Arc   Edge   Cell     Fanout Load Trans Delay Arrival Instance 
#                                                      (fF)  (ps)  (ps)   (ps)  Location 
#----------------------------------------------------------------------------------------
  state_reg[3]/CK -       -     R     (arrival)     20    -     0     0       0    (-,-) 
  state_reg[3]/Q  -       CK->Q F     DFFRHQX2       3 13.0   125   303     303    (-,-) 
  g5134/Y         -       A->Y  R     CLKINVX4       3 15.4    80    79     382    (-,-) 
  g5098__4733/Y   -       B->Y  F     NAND2X4        5 16.2   162   113     495    (-,-) 
  g5084__2802/Y   -       B->Y  F     OR2X4          4 13.5    90   189     684    (-,-) 
  g5061__2883/Y   -       A->Y  R     NAND2X2        2  7.8    87    72     756    (-,-) 
  g5218/Y         -       A->Y  R     BUFX6         11 33.3    97   119     876    (-,-) 
  g5053/Y         -       A->Y  R     BUFX6          6 17.1    59   104     979    (-,-) 
  g5012__2883/Y   -       B1->Y R     AO22X1         1  4.6   102   160    1139    (-,-) 
  lamp_reg[7]/D   -       -     R     DFFRHQX4       1    -     -     0    1139    (-,-) 
#----------------------------------------------------------------------------------------



Path 19: MET (102 ps) Setup Check with Pin lamp_reg[12]/CK->D
          Group: clk
     Startpoint: (R) state_reg[3]/CK
          Clock: (R) clk
       Endpoint: (R) lamp_reg[12]/D
          Clock: (R) clk

                     Capture       Launch     
        Clock Edge:+    1370            0     
       Src Latency:+       0            0     
       Net Latency:+       0 (I)        0 (I) 
           Arrival:=    1370            0     
                                              
             Setup:-     128                  
     Required Time:=    1242                  
      Launch Clock:-       0                  
         Data Path:-    1140                  
             Slack:=     102                  

#----------------------------------------------------------------------------------------
#  Timing Point   Flags   Arc   Edge   Cell     Fanout Load Trans Delay Arrival Instance 
#                                                      (fF)  (ps)  (ps)   (ps)  Location 
#----------------------------------------------------------------------------------------
  state_reg[3]/CK -       -     R     (arrival)     20    -     0     0       0    (-,-) 
  state_reg[3]/Q  -       CK->Q F     DFFRHQX2       3 13.0   125   303     303    (-,-) 
  g5134/Y         -       A->Y  R     CLKINVX4       3 15.4    80    79     382    (-,-) 
  g5098__4733/Y   -       B->Y  F     NAND2X4        5 16.2   162   113     495    (-,-) 
  g5084__2802/Y   -       B->Y  F     OR2X4          4 13.5    90   189     684    (-,-) 
  g5061__2883/Y   -       A->Y  R     NAND2X2        2  7.8    87    72     756    (-,-) 
  g5218/Y         -       A->Y  R     BUFX6         11 33.3    97   119     876    (-,-) 
  g5042__2398/Y   -       B0->Y F     OAI21X1        1  4.8   200   144    1020    (-,-) 
  g5001__1705/Y   -       B0->Y R     OAI2BB1X1      1  4.7   106   119    1140    (-,-) 
  lamp_reg[12]/D  -       -     R     DFFRHQX2       1    -     -     0    1140    (-,-) 
#----------------------------------------------------------------------------------------



Path 20: MET (102 ps) Setup Check with Pin lamp_reg[3]/CK->D
          Group: clk
     Startpoint: (R) state_reg[3]/CK
          Clock: (R) clk
       Endpoint: (R) lamp_reg[3]/D
          Clock: (R) clk

                     Capture       Launch     
        Clock Edge:+    1370            0     
       Src Latency:+       0            0     
       Net Latency:+       0 (I)        0 (I) 
           Arrival:=    1370            0     
                                              
             Setup:-     128                  
     Required Time:=    1242                  
      Launch Clock:-       0                  
         Data Path:-    1140                  
             Slack:=     102                  

#----------------------------------------------------------------------------------------
#  Timing Point   Flags   Arc   Edge   Cell     Fanout Load Trans Delay Arrival Instance 
#                                                      (fF)  (ps)  (ps)   (ps)  Location 
#----------------------------------------------------------------------------------------
  state_reg[3]/CK -       -     R     (arrival)     20    -     0     0       0    (-,-) 
  state_reg[3]/Q  -       CK->Q F     DFFRHQX2       3 13.0   125   303     303    (-,-) 
  g5134/Y         -       A->Y  R     CLKINVX4       3 15.4    80    79     382    (-,-) 
  g5098__4733/Y   -       B->Y  F     NAND2X4        5 16.2   162   113     495    (-,-) 
  g5084__2802/Y   -       B->Y  F     OR2X4          4 13.5    90   189     684    (-,-) 
  g5061__2883/Y   -       A->Y  R     NAND2X2        2  7.8    87    72     756    (-,-) 
  g5218/Y         -       A->Y  R     BUFX6         11 33.3    97   119     876    (-,-) 
  g5053/Y         -       A->Y  R     BUFX6          6 17.1    59   104     979    (-,-) 
  g5010__9945/Y   -       B1->Y R     AO22X1         1  4.7   104   161    1140    (-,-) 
  lamp_reg[3]/D   -       -     R     DFFRHQX1       1    -     -     0    1140    (-,-) 
#----------------------------------------------------------------------------------------



Path 21: MET (269 ps) Late External Delay Assertion at pin lamp[0]
          Group: clk
     Startpoint: (R) lamp_reg[0]/CK
          Clock: (R) clk
       Endpoint: (F) lamp[0]
          Clock: (R) clk

                     Capture       Launch     
        Clock Edge:+    1370            0     
       Src Latency:+       0            0     
       Net Latency:+       0 (I)        0 (I) 
           Arrival:=    1370            0     
                                              
      Output Delay:-     685                  
     Required Time:=     685                  
      Launch Clock:-       0                  
         Data Path:-     416                  
             Slack:=     269                  

Exceptions/Constraints:
  output_delay             685             bound_flasher_gate.s_line_8_15_1 

#---------------------------------------------------------------------------------------
# Timing Point   Flags   Arc   Edge   Cell     Fanout Load Trans Delay Arrival Instance 
#                                                     (fF)  (ps)  (ps)   (ps)  Location 
#---------------------------------------------------------------------------------------
  lamp_reg[0]/CK -       -     R     (arrival)     20    -     0     0       0    (-,-) 
  lamp_reg[0]/Q  -       CK->Q F     DFFRHQX1       6 21.2   361   416     416    (-,-) 
  lamp[0]        -       -     F     (port)         -    -     -     0     416    (-,-) 
#---------------------------------------------------------------------------------------



Path 22: MET (284 ps) Late External Delay Assertion at pin lamp[5]
          Group: clk
     Startpoint: (R) lamp_reg[5]/CK
          Clock: (R) clk
       Endpoint: (R) lamp[5]
          Clock: (R) clk

                     Capture       Launch     
        Clock Edge:+    1370            0     
       Src Latency:+       0            0     
       Net Latency:+       0 (I)        0 (I) 
           Arrival:=    1370            0     
                                              
      Output Delay:-     685                  
     Required Time:=     685                  
      Launch Clock:-       0                  
         Data Path:-     402                  
             Slack:=     284                  

Exceptions/Constraints:
  output_delay             685             bound_flasher_gate.s_line_8_10_1 

#---------------------------------------------------------------------------------------
# Timing Point   Flags   Arc   Edge   Cell     Fanout Load Trans Delay Arrival Instance 
#                                                     (fF)  (ps)  (ps)   (ps)  Location 
#---------------------------------------------------------------------------------------
  lamp_reg[5]/CK -       -     R     (arrival)     20    -     0     0       0    (-,-) 
  lamp_reg[5]/Q  -       CK->Q R     DFFRX1         4 13.8   237   402     402    (-,-) 
  lamp[5]        -       -     R     (port)         -    -     -     0     402    (-,-) 
#---------------------------------------------------------------------------------------



Path 23: MET (324 ps) Late External Delay Assertion at pin lamp[13]
          Group: clk
     Startpoint: (R) lamp_reg[13]/CK
          Clock: (R) clk
       Endpoint: (R) lamp[13]
          Clock: (R) clk

                     Capture       Launch     
        Clock Edge:+    1370            0     
       Src Latency:+       0            0     
       Net Latency:+       0 (I)        0 (I) 
           Arrival:=    1370            0     
                                              
      Output Delay:-     685                  
     Required Time:=     685                  
      Launch Clock:-       0                  
         Data Path:-     360                  
             Slack:=     324                  

Exceptions/Constraints:
  output_delay             685             bound_flasher_gate.s_line_8_2_1 

#----------------------------------------------------------------------------------------
#  Timing Point   Flags   Arc   Edge   Cell     Fanout Load Trans Delay Arrival Instance 
#                                                      (fF)  (ps)  (ps)   (ps)  Location 
#----------------------------------------------------------------------------------------
  lamp_reg[13]/CK -       -     R     (arrival)     20    -     0     0       0    (-,-) 
  lamp_reg[13]/Q  -       CK->Q R     DFFRX2         6 21.0   189   360     360    (-,-) 
  lamp[13]        -       -     R     (port)         -    -     -     0     360    (-,-) 
#----------------------------------------------------------------------------------------



Path 24: MET (331 ps) Late External Delay Assertion at pin lamp[10]
          Group: clk
     Startpoint: (R) lamp_reg[10]/CK
          Clock: (R) clk
       Endpoint: (R) lamp[10]
          Clock: (R) clk

                     Capture       Launch     
        Clock Edge:+    1370            0     
       Src Latency:+       0            0     
       Net Latency:+       0 (I)        0 (I) 
           Arrival:=    1370            0     
                                              
      Output Delay:-     685                  
     Required Time:=     685                  
      Launch Clock:-       0                  
         Data Path:-     354                  
             Slack:=     331                  

Exceptions/Constraints:
  output_delay             685             bound_flasher_gate.s_line_8_5_1 

#----------------------------------------------------------------------------------------
#  Timing Point   Flags   Arc   Edge   Cell     Fanout Load Trans Delay Arrival Instance 
#                                                      (fF)  (ps)  (ps)   (ps)  Location 
#----------------------------------------------------------------------------------------
  lamp_reg[10]/CK -       -     R     (arrival)     20    -     0     0       0    (-,-) 
  lamp_reg[10]/Q  -       CK->Q R     DFFRX2         5 19.2   176   354     354    (-,-) 
  lamp[10]        -       -     R     (port)         -    -     -     0     354    (-,-) 
#----------------------------------------------------------------------------------------



Path 25: MET (334 ps) Late External Delay Assertion at pin lamp[14]
          Group: clk
     Startpoint: (R) lamp_reg[14]/CK
          Clock: (R) clk
       Endpoint: (R) lamp[14]
          Clock: (R) clk

                     Capture       Launch     
        Clock Edge:+    1370            0     
       Src Latency:+       0            0     
       Net Latency:+       0 (I)        0 (I) 
           Arrival:=    1370            0     
                                              
      Output Delay:-     685                  
     Required Time:=     685                  
      Launch Clock:-       0                  
         Data Path:-     351                  
             Slack:=     334                  

Exceptions/Constraints:
  output_delay             685             bound_flasher_gate.s_line_8_1_1 

#----------------------------------------------------------------------------------------
#  Timing Point   Flags   Arc   Edge   Cell     Fanout Load Trans Delay Arrival Instance 
#                                                      (fF)  (ps)  (ps)   (ps)  Location 
#----------------------------------------------------------------------------------------
  lamp_reg[14]/CK -       -     R     (arrival)     20    -     0     0       0    (-,-) 
  lamp_reg[14]/Q  -       CK->Q R     DFFRX2         5 18.5   172   351     351    (-,-) 
  lamp[14]        -       -     R     (port)         -    -     -     0     351    (-,-) 
#----------------------------------------------------------------------------------------



Path 26: MET (334 ps) Late External Delay Assertion at pin lamp[12]
          Group: clk
     Startpoint: (R) lamp_reg[12]/CK
          Clock: (R) clk
       Endpoint: (R) lamp[12]
          Clock: (R) clk

                     Capture       Launch     
        Clock Edge:+    1370            0     
       Src Latency:+       0            0     
       Net Latency:+       0 (I)        0 (I) 
           Arrival:=    1370            0     
                                              
      Output Delay:-     685                  
     Required Time:=     685                  
      Launch Clock:-       0                  
         Data Path:-     351                  
             Slack:=     334                  

Exceptions/Constraints:
  output_delay             685             bound_flasher_gate.s_line_8_3_1 

#----------------------------------------------------------------------------------------
#  Timing Point   Flags   Arc   Edge   Cell     Fanout Load Trans Delay Arrival Instance 
#                                                      (fF)  (ps)  (ps)   (ps)  Location 
#----------------------------------------------------------------------------------------
  lamp_reg[12]/CK -       -     R     (arrival)     20    -     0     0       0    (-,-) 
  lamp_reg[12]/Q  -       CK->Q R     DFFRHQX2       6 22.1   191   351     351    (-,-) 
  lamp[12]        -       -     R     (port)         -    -     -     0     351    (-,-) 
#----------------------------------------------------------------------------------------



Path 27: MET (341 ps) Late External Delay Assertion at pin lamp[2]
          Group: clk
     Startpoint: (R) lamp_reg[2]/CK
          Clock: (R) clk
       Endpoint: (R) lamp[2]
          Clock: (R) clk

                     Capture       Launch     
        Clock Edge:+    1370            0     
       Src Latency:+       0            0     
       Net Latency:+       0 (I)        0 (I) 
           Arrival:=    1370            0     
                                              
      Output Delay:-     685                  
     Required Time:=     685                  
      Launch Clock:-       0                  
         Data Path:-     344                  
             Slack:=     341                  

Exceptions/Constraints:
  output_delay             685             bound_flasher_gate.s_line_8_13_1 

#---------------------------------------------------------------------------------------
# Timing Point   Flags   Arc   Edge   Cell     Fanout Load Trans Delay Arrival Instance 
#                                                     (fF)  (ps)  (ps)   (ps)  Location 
#---------------------------------------------------------------------------------------
  lamp_reg[2]/CK -       -     R     (arrival)     20    -     0     0       0    (-,-) 
  lamp_reg[2]/Q  -       CK->Q R     DFFRX2         5 16.6   158   344     344    (-,-) 
  lamp[2]        -       -     R     (port)         -    -     -     0     344    (-,-) 
#---------------------------------------------------------------------------------------



Path 28: MET (344 ps) Late External Delay Assertion at pin lamp[15]
          Group: clk
     Startpoint: (R) lamp_reg[15]/CK
          Clock: (R) clk
       Endpoint: (R) lamp[15]
          Clock: (R) clk

                     Capture       Launch     
        Clock Edge:+    1370            0     
       Src Latency:+       0            0     
       Net Latency:+       0 (I)        0 (I) 
           Arrival:=    1370            0     
                                              
      Output Delay:-     685                  
     Required Time:=     685                  
      Launch Clock:-       0                  
         Data Path:-     342                  
             Slack:=     344                  

Exceptions/Constraints:
  output_delay             685             bound_flasher_gate.s_line_8 

#----------------------------------------------------------------------------------------
#  Timing Point   Flags   Arc   Edge   Cell     Fanout Load Trans Delay Arrival Instance 
#                                                      (fF)  (ps)  (ps)   (ps)  Location 
#----------------------------------------------------------------------------------------
  lamp_reg[15]/CK -       -     R     (arrival)     20    -     0     0       0    (-,-) 
  lamp_reg[15]/Q  -       CK->Q R     DFFRX2         4 15.9   153   342     342    (-,-) 
  lamp[15]        -       -     R     (port)         -    -     -     0     342    (-,-) 
#----------------------------------------------------------------------------------------



Path 29: MET (357 ps) Late External Delay Assertion at pin lamp[1]
          Group: clk
     Startpoint: (R) lamp_reg[1]/CK
          Clock: (R) clk
       Endpoint: (R) lamp[1]
          Clock: (R) clk

                     Capture       Launch     
        Clock Edge:+    1370            0     
       Src Latency:+       0            0     
       Net Latency:+       0 (I)        0 (I) 
           Arrival:=    1370            0     
                                              
      Output Delay:-     685                  
     Required Time:=     685                  
      Launch Clock:-       0                  
         Data Path:-     328                  
             Slack:=     357                  

Exceptions/Constraints:
  output_delay             685             bound_flasher_gate.s_line_8_14_1 

#---------------------------------------------------------------------------------------
# Timing Point   Flags   Arc   Edge   Cell     Fanout Load Trans Delay Arrival Instance 
#                                                     (fF)  (ps)  (ps)   (ps)  Location 
#---------------------------------------------------------------------------------------
  lamp_reg[1]/CK -       -     R     (arrival)     20    -     0     0       0    (-,-) 
  lamp_reg[1]/Q  -       CK->Q R     DFFRX4         8 22.8   119   328     328    (-,-) 
  lamp[1]        -       -     R     (port)         -    -     -     0     328    (-,-) 
#---------------------------------------------------------------------------------------



Path 30: MET (358 ps) Late External Delay Assertion at pin lamp[6]
          Group: clk
     Startpoint: (R) lamp_reg[6]/CK
          Clock: (R) clk
       Endpoint: (R) lamp[6]
          Clock: (R) clk

                     Capture       Launch     
        Clock Edge:+    1370            0     
       Src Latency:+       0            0     
       Net Latency:+       0 (I)        0 (I) 
           Arrival:=    1370            0     
                                              
      Output Delay:-     685                  
     Required Time:=     685                  
      Launch Clock:-       0                  
         Data Path:-     326                  
             Slack:=     358                  

Exceptions/Constraints:
  output_delay             685             bound_flasher_gate.s_line_8_9_1 

#---------------------------------------------------------------------------------------
# Timing Point   Flags   Arc   Edge   Cell     Fanout Load Trans Delay Arrival Instance 
#                                                     (fF)  (ps)  (ps)   (ps)  Location 
#---------------------------------------------------------------------------------------
  lamp_reg[6]/CK -       -     R     (arrival)     20    -     0     0       0    (-,-) 
  lamp_reg[6]/Q  -       CK->Q R     DFFRHQX4      10 35.4   157   326     326    (-,-) 
  lamp[6]        -       -     R     (port)         -    -     -     0     326    (-,-) 
#---------------------------------------------------------------------------------------



Path 31: MET (374 ps) Late External Delay Assertion at pin lamp[11]
          Group: clk
     Startpoint: (R) lamp_reg[11]/CK
          Clock: (R) clk
       Endpoint: (R) lamp[11]
          Clock: (R) clk

                     Capture       Launch     
        Clock Edge:+    1370            0     
       Src Latency:+       0            0     
       Net Latency:+       0 (I)        0 (I) 
           Arrival:=    1370            0     
                                              
      Output Delay:-     685                  
     Required Time:=     685                  
      Launch Clock:-       0                  
         Data Path:-     311                  
             Slack:=     374                  

Exceptions/Constraints:
  output_delay             685             bound_flasher_gate.s_line_8_4_1 

#----------------------------------------------------------------------------------------
#  Timing Point   Flags   Arc   Edge   Cell     Fanout Load Trans Delay Arrival Instance 
#                                                      (fF)  (ps)  (ps)   (ps)  Location 
#----------------------------------------------------------------------------------------
  lamp_reg[11]/CK -       -     R     (arrival)     20    -     0     0       0    (-,-) 
  lamp_reg[11]/Q  -       CK->Q R     DFFRHQX4       8 27.3   128   311     311    (-,-) 
  lamp[11]        -       -     R     (port)         -    -     -     0     311    (-,-) 
#----------------------------------------------------------------------------------------



Path 32: MET (379 ps) Late External Delay Assertion at pin lamp[4]
          Group: clk
     Startpoint: (R) lamp_reg[4]/CK
          Clock: (R) clk
       Endpoint: (R) lamp[4]
          Clock: (R) clk

                     Capture       Launch     
        Clock Edge:+    1370            0     
       Src Latency:+       0            0     
       Net Latency:+       0 (I)        0 (I) 
           Arrival:=    1370            0     
                                              
      Output Delay:-     685                  
     Required Time:=     685                  
      Launch Clock:-       0                  
         Data Path:-     306                  
             Slack:=     379                  

Exceptions/Constraints:
  output_delay             685             bound_flasher_gate.s_line_8_11_1 

#---------------------------------------------------------------------------------------
# Timing Point   Flags   Arc   Edge   Cell     Fanout Load Trans Delay Arrival Instance 
#                                                     (fF)  (ps)  (ps)   (ps)  Location 
#---------------------------------------------------------------------------------------
  lamp_reg[4]/CK -       -     R     (arrival)     20    -     0     0       0    (-,-) 
  lamp_reg[4]/Q  -       CK->Q R     DFFRHQX1       2  7.2   130   306     306    (-,-) 
  lamp[4]        -       -     R     (port)         -    -     -     0     306    (-,-) 
#---------------------------------------------------------------------------------------



Path 33: MET (383 ps) Late External Delay Assertion at pin lamp[3]
          Group: clk
     Startpoint: (R) lamp_reg[3]/CK
          Clock: (R) clk
       Endpoint: (R) lamp[3]
          Clock: (R) clk

                     Capture       Launch     
        Clock Edge:+    1370            0     
       Src Latency:+       0            0     
       Net Latency:+       0 (I)        0 (I) 
           Arrival:=    1370            0     
                                              
      Output Delay:-     685                  
     Required Time:=     685                  
      Launch Clock:-       0                  
         Data Path:-     302                  
             Slack:=     383                  

Exceptions/Constraints:
  output_delay             685             bound_flasher_gate.s_line_8_12_1 

#---------------------------------------------------------------------------------------
# Timing Point   Flags   Arc   Edge   Cell     Fanout Load Trans Delay Arrival Instance 
#                                                     (fF)  (ps)  (ps)   (ps)  Location 
#---------------------------------------------------------------------------------------
  lamp_reg[3]/CK -       -     R     (arrival)     20    -     0     0       0    (-,-) 
  lamp_reg[3]/Q  -       CK->Q R     DFFRHQX1       2  6.6   121   302     302    (-,-) 
  lamp[3]        -       -     R     (port)         -    -     -     0     302    (-,-) 
#---------------------------------------------------------------------------------------



Path 34: MET (385 ps) Late External Delay Assertion at pin lamp[7]
          Group: clk
     Startpoint: (R) lamp_reg[7]/CK
          Clock: (R) clk
       Endpoint: (R) lamp[7]
          Clock: (R) clk

                     Capture       Launch     
        Clock Edge:+    1370            0     
       Src Latency:+       0            0     
       Net Latency:+       0 (I)        0 (I) 
           Arrival:=    1370            0     
                                              
      Output Delay:-     685                  
     Required Time:=     685                  
      Launch Clock:-       0                  
         Data Path:-     300                  
             Slack:=     385                  

Exceptions/Constraints:
  output_delay             685             bound_flasher_gate.s_line_8_8_1 

#---------------------------------------------------------------------------------------
# Timing Point   Flags   Arc   Edge   Cell     Fanout Load Trans Delay Arrival Instance 
#                                                     (fF)  (ps)  (ps)   (ps)  Location 
#---------------------------------------------------------------------------------------
  lamp_reg[7]/CK -       -     R     (arrival)     20    -     0     0       0    (-,-) 
  lamp_reg[7]/Q  -       CK->Q R     DFFRHQX4       7 21.7   109   300     300    (-,-) 
  lamp[7]        -       -     R     (port)         -    -     -     0     300    (-,-) 
#---------------------------------------------------------------------------------------



Path 35: MET (392 ps) Late External Delay Assertion at pin lamp[9]
          Group: clk
     Startpoint: (R) lamp_reg[9]/CK
          Clock: (R) clk
       Endpoint: (R) lamp[9]
          Clock: (R) clk

                     Capture       Launch     
        Clock Edge:+    1370            0     
       Src Latency:+       0            0     
       Net Latency:+       0 (I)        0 (I) 
           Arrival:=    1370            0     
                                              
      Output Delay:-     685                  
     Required Time:=     685                  
      Launch Clock:-       0                  
         Data Path:-     292                  
             Slack:=     392                  

Exceptions/Constraints:
  output_delay             685             bound_flasher_gate.s_line_8_6_1 

#---------------------------------------------------------------------------------------
# Timing Point   Flags   Arc   Edge   Cell     Fanout Load Trans Delay Arrival Instance 
#                                                     (fF)  (ps)  (ps)   (ps)  Location 
#---------------------------------------------------------------------------------------
  lamp_reg[9]/CK -       -     R     (arrival)     20    -     0     0       0    (-,-) 
  lamp_reg[9]/Q  -       CK->Q R     DFFRHQX4       5 17.6    94   292     292    (-,-) 
  lamp[9]        -       -     R     (port)         -    -     -     0     292    (-,-) 
#---------------------------------------------------------------------------------------



Path 36: MET (393 ps) Late External Delay Assertion at pin lamp[8]
          Group: clk
     Startpoint: (R) lamp_reg[8]/CK
          Clock: (R) clk
       Endpoint: (R) lamp[8]
          Clock: (R) clk

                     Capture       Launch     
        Clock Edge:+    1370            0     
       Src Latency:+       0            0     
       Net Latency:+       0 (I)        0 (I) 
           Arrival:=    1370            0     
                                              
      Output Delay:-     685                  
     Required Time:=     685                  
      Launch Clock:-       0                  
         Data Path:-     292                  
             Slack:=     393                  

Exceptions/Constraints:
  output_delay             685             bound_flasher_gate.s_line_8_7_1 

#---------------------------------------------------------------------------------------
# Timing Point   Flags   Arc   Edge   Cell     Fanout Load Trans Delay Arrival Instance 
#                                                     (fF)  (ps)  (ps)   (ps)  Location 
#---------------------------------------------------------------------------------------
  lamp_reg[8]/CK -       -     R     (arrival)     20    -     0     0       0    (-,-) 
  lamp_reg[8]/Q  -       CK->Q R     DFFRHQX4       5 17.3    93   292     292    (-,-) 
  lamp[8]        -       -     R     (port)         -    -     -     0     292    (-,-) 
#---------------------------------------------------------------------------------------

Some unconstrained paths have not been displayed.
Use -unconstrained or set the root attribute 'timing_report_unconstrained' to 'true' to see only these unconstrained paths.

