Time resolution is 1 ps
========== RESET ==========
[11000 ns] led_out = 0000000000000000
[71000 ns] Reset released
========== TEST 1: 2 vong day du ==========
[111000 ns] start_sig = 1
[131000 ns] start_sig = 0 (1-clock pulse)
[150000 ns] led_out = 0000000000000001
[170000 ns] led_out = 0000000000000011
[190000 ns] led_out = 0000000000000111
[210000 ns] led_out = 0000000000001111
[230000 ns] led_out = 0000000000011111
[250000 ns] led_out = 0000000000111111
[270000 ns] led_out = 0000000001111111
[290000 ns] led_out = 0000000011111111
[310000 ns] led_out = 0000000001111111
[330000 ns] led_out = 0000000000111111
[350000 ns] led_out = 0000000000011111
[370000 ns] led_out = 0000000000001111
[390000 ns] led_out = 0000000000011111
[410000 ns] led_out = 0000000000111111
[430000 ns] led_out = 0000000001111111
[450000 ns] led_out = 0000000011111111
[470000 ns] led_out = 0000000111111111
[490000 ns] led_out = 0000001111111111
[510000 ns] led_out = 0000011111111111
[530000 ns] led_out = 0000111111111111
[550000 ns] led_out = 0000011111111111
[570000 ns] led_out = 0000001111111111
[590000 ns] led_out = 0000000111111111
[610000 ns] led_out = 0000000011111111
[630000 ns] led_out = 0000000111111111
[650000 ns] led_out = 0000001111111111
[670000 ns] led_out = 0000011111111111
[690000 ns] led_out = 0000111111111111
[710000 ns] led_out = 0001111111111111
[730000 ns] led_out = 0011111111111111
[750000 ns] led_out = 0111111111111111
[770000 ns] led_out = 1111111111111111
[790000 ns] led_out = 0111111111111111
[810000 ns] led_out = 0011111111111111
[830000 ns] led_out = 0001111111111111
[850000 ns] led_out = 0000111111111111
[870000 ns] led_out = 0001111111111111
[890000 ns] led_out = 0011111111111111
[910000 ns] led_out = 0111111111111111
[930000 ns] led_out = 1111111111111111
[950000 ns] led_out = 1111111111111110
[970000 ns] led_out = 1111111111111100
[990000 ns] led_out = 1111111111111000
[1010000 ns] led_out = 1111111111110000
[1030000 ns] led_out = 1111111111111000
[1050000 ns] led_out = 1111111111111100
[1070000 ns] led_out = 1111111111111110
[1090000 ns] led_out = 1111111111111111
[1110000 ns] led_out = 1111111111111110
[1130000 ns] led_out = 1111111111111100
[1150000 ns] led_out = 1111111111111000
[1170000 ns] led_out = 1111111111110000
[1190000 ns] led_out = 1111111111100000
[1210000 ns] led_out = 1111111111000000
[1230000 ns] led_out = 1111111110000000
[1250000 ns] led_out = 1111111100000000
[1270000 ns] led_out = 1111111110000000
[1290000 ns] led_out = 1111111111000000
[1310000 ns] led_out = 1111111111100000
[1330000 ns] led_out = 1111111111110000
[1350000 ns] led_out = 1111111111100000
[1370000 ns] led_out = 1111111111000000
[1390000 ns] led_out = 1111111110000000
[1410000 ns] led_out = 1111111100000000
[1430000 ns] led_out = 1111111000000000
[1450000 ns] led_out = 1111110000000000
[1470000 ns] led_out = 1111100000000000
[1490000 ns] led_out = 1111000000000000
[1510000 ns] led_out = 1111100000000000
[1530000 ns] led_out = 1111110000000000
[1550000 ns] led_out = 1111111000000000
[1570000 ns] led_out = 1111111100000000
[1590000 ns] led_out = 1111111000000000
[1610000 ns] led_out = 1111110000000000
[1630000 ns] led_out = 1111100000000000
[1650000 ns] led_out = 1111000000000000
[1670000 ns] led_out = 1110000000000000
[1690000 ns] led_out = 1100000000000000
[1710000 ns] led_out = 1000000000000000
[1730000 ns] led_out = 0000000000000000
[1750000 ns] led_out = 1000000000000000
[1770000 ns] led_out = 1100000000000000
[1790000 ns] led_out = 1110000000000000
[1810000 ns] led_out = 1111000000000000
[1830000 ns] led_out = 1110000000000000
[1850000 ns] led_out = 1100000000000000
[1870000 ns] led_out = 1000000000000000
[1890000 ns] led_out = 0000000000000000
[1910000 ns] led_out = 0000000000000001
[1930000 ns] led_out = 0000000000000011
[1950000 ns] led_out = 0000000000000111
[1970000 ns] led_out = 0000000000001111
[1990000 ns] led_out = 0000000000000111
[2010000 ns] led_out = 0000000000000011
[2030000 ns] led_out = 0000000000000001
[2050000 ns] led_out = 0000000000000000
========== TEST 1: All OFF, kiem tra IDLE ==========
========== TEST 2: 2 vong day du ==========
[2191000 ns] start_sig = 1
[2230000 ns] led_out = 0000000000000001
[2250000 ns] led_out = 0000000000000011
[2270000 ns] led_out = 0000000000000111
[2290000 ns] led_out = 0000000000001111
[2310000 ns] led_out = 0000000000011111
[2330000 ns] led_out = 0000000000111111
[2350000 ns] led_out = 0000000001111111
[2370000 ns] led_out = 0000000011111111
[2390000 ns] led_out = 0000000001111111
[2410000 ns] led_out = 0000000000111111
[2430000 ns] led_out = 0000000000011111
[2450000 ns] led_out = 0000000000001111
[2470000 ns] led_out = 0000000000011111
[2490000 ns] led_out = 0000000000111111
[2510000 ns] led_out = 0000000001111111
[2530000 ns] led_out = 0000000011111111
[2550000 ns] led_out = 0000000111111111
[2570000 ns] led_out = 0000001111111111
[2590000 ns] led_out = 0000011111111111
[2610000 ns] led_out = 0000111111111111
[2630000 ns] led_out = 0000011111111111
[2650000 ns] led_out = 0000001111111111
[2670000 ns] led_out = 0000000111111111
[2690000 ns] led_out = 0000000011111111
[2710000 ns] led_out = 0000000111111111
[2730000 ns] led_out = 0000001111111111
[2750000 ns] led_out = 0000011111111111
[2770000 ns] led_out = 0000111111111111
[2790000 ns] led_out = 0001111111111111
[2810000 ns] led_out = 0011111111111111
[2830000 ns] led_out = 0111111111111111
[2850000 ns] led_out = 1111111111111111
[2870000 ns] led_out = 0111111111111111
[2890000 ns] led_out = 0011111111111111
[2910000 ns] led_out = 0001111111111111
[2930000 ns] led_out = 0000111111111111
[2950000 ns] led_out = 0001111111111111
[2970000 ns] led_out = 0011111111111111
[2990000 ns] led_out = 0111111111111111
[3010000 ns] led_out = 1111111111111111
[3030000 ns] led_out = 1111111111111110
[3050000 ns] led_out = 1111111111111100
[3070000 ns] led_out = 1111111111111000
[3090000 ns] led_out = 1111111111110000
[3110000 ns] led_out = 1111111111111000
[3130000 ns] led_out = 1111111111111100
[3150000 ns] led_out = 1111111111111110
[3170000 ns] led_out = 1111111111111111
[3190000 ns] led_out = 1111111111111110
[3210000 ns] led_out = 1111111111111100
[3230000 ns] led_out = 1111111111111000
[3250000 ns] led_out = 1111111111110000
[3270000 ns] led_out = 1111111111100000
[3290000 ns] led_out = 1111111111000000
[3310000 ns] led_out = 1111111110000000
[3330000 ns] led_out = 1111111100000000
[3350000 ns] led_out = 1111111110000000
[3370000 ns] led_out = 1111111111000000
[3390000 ns] led_out = 1111111111100000
[3410000 ns] led_out = 1111111111110000
[3430000 ns] led_out = 1111111111100000
[3450000 ns] led_out = 1111111111000000
[3470000 ns] led_out = 1111111110000000
[3490000 ns] led_out = 1111111100000000
[3510000 ns] led_out = 1111111000000000
[3530000 ns] led_out = 1111110000000000
[3550000 ns] led_out = 1111100000000000
[3570000 ns] led_out = 1111000000000000
[3590000 ns] led_out = 1111100000000000
[3610000 ns] led_out = 1111110000000000
[3630000 ns] led_out = 1111111000000000
[3650000 ns] led_out = 1111111100000000
[3670000 ns] led_out = 1111111000000000
[3690000 ns] led_out = 1111110000000000
[3710000 ns] led_out = 1111100000000000
[3730000 ns] led_out = 1111000000000000
[3750000 ns] led_out = 1110000000000000
[3770000 ns] led_out = 1100000000000000
[3790000 ns] led_out = 1000000000000000
[3810000 ns] led_out = 0000000000000000
[3830000 ns] led_out = 1000000000000000
[3850000 ns] led_out = 1100000000000000
[3870000 ns] led_out = 1110000000000000
[3890000 ns] led_out = 1111000000000000
[3910000 ns] led_out = 1110000000000000
[3930000 ns] led_out = 1100000000000000
[3950000 ns] led_out = 1000000000000000
[3970000 ns] led_out = 0000000000000000
[3990000 ns] led_out = 0000000000000001
[4010000 ns] led_out = 0000000000000011
[4030000 ns] led_out = 0000000000000111
[4050000 ns] led_out = 0000000000001111
[4070000 ns] led_out = 0000000000000111
[4090000 ns] led_out = 0000000000000011
[4110000 ns] led_out = 0000000000000001
[4130000 ns] led_out = 0000000000000000
[4150000 ns] led_out = 0000000000000001
[4170000 ns] led_out = 0000000000000011
[4190000 ns] led_out = 0000000000000111
[4210000 ns] led_out = 0000000000001111
[4230000 ns] led_out = 0000000000011111
[4250000 ns] led_out = 0000000000111111
[4270000 ns] led_out = 0000000001111111
[4290000 ns] led_out = 0000000011111111
[4310000 ns] led_out = 0000000001111111
[4330000 ns] led_out = 0000000000111111
[4350000 ns] led_out = 0000000000011111
[4370000 ns] led_out = 0000000000001111
[4390000 ns] led_out = 0000000000011111
[4410000 ns] led_out = 0000000000111111
[4430000 ns] led_out = 0000000001111111
[4450000 ns] led_out = 0000000011111111
[4470000 ns] led_out = 0000000111111111
[4490000 ns] led_out = 0000001111111111
[4510000 ns] led_out = 0000011111111111
[4530000 ns] led_out = 0000111111111111
[4550000 ns] led_out = 0000011111111111
[4570000 ns] led_out = 0000001111111111
[4590000 ns] led_out = 0000000111111111
[4610000 ns] led_out = 0000000011111111
[4630000 ns] led_out = 0000000111111111
[4650000 ns] led_out = 0000001111111111
[4670000 ns] led_out = 0000011111111111
[4690000 ns] led_out = 0000111111111111
[4710000 ns] led_out = 0001111111111111
[4730000 ns] led_out = 0011111111111111
[4750000 ns] led_out = 0111111111111111
[4770000 ns] led_out = 1111111111111111
[4790000 ns] led_out = 0111111111111111
[4810000 ns] led_out = 0011111111111111
[4830000 ns] led_out = 0001111111111111
[4850000 ns] led_out = 0000111111111111
[4870000 ns] led_out = 0001111111111111
[4890000 ns] led_out = 0011111111111111
[4910000 ns] led_out = 0111111111111111
[4930000 ns] led_out = 1111111111111111
[4950000 ns] led_out = 1111111111111110
[4970000 ns] led_out = 1111111111111100
[4990000 ns] led_out = 1111111111111000
[5010000 ns] led_out = 1111111111110000
[5030000 ns] led_out = 1111111111111000
[5050000 ns] led_out = 1111111111111100
[5070000 ns] led_out = 1111111111111110
[5090000 ns] led_out = 1111111111111111
[5110000 ns] led_out = 1111111111111110
[5130000 ns] led_out = 1111111111111100
[5150000 ns] led_out = 1111111111111000
[5170000 ns] led_out = 1111111111110000
[5190000 ns] led_out = 1111111111100000
[5210000 ns] led_out = 1111111111000000
[5230000 ns] led_out = 1111111110000000
[5250000 ns] led_out = 1111111100000000
[5270000 ns] led_out = 1111111110000000
[5290000 ns] led_out = 1111111111000000
[5310000 ns] led_out = 1111111111100000
[5330000 ns] led_out = 1111111111110000
[5350000 ns] led_out = 1111111111100000
[5370000 ns] led_out = 1111111111000000
[5390000 ns] led_out = 1111111110000000
[5410000 ns] led_out = 1111111100000000
[5430000 ns] led_out = 1111111000000000
[5450000 ns] led_out = 1111110000000000
[5470000 ns] led_out = 1111100000000000
[5490000 ns] led_out = 1111000000000000
[5510000 ns] led_out = 1111100000000000
[5530000 ns] led_out = 1111110000000000
[5550000 ns] led_out = 1111111000000000
[5570000 ns] led_out = 1111111100000000
[5590000 ns] led_out = 1111111000000000
[5610000 ns] led_out = 1111110000000000
[5630000 ns] led_out = 1111100000000000
[5650000 ns] led_out = 1111000000000000
[5670000 ns] led_out = 1110000000000000
[5690000 ns] led_out = 1100000000000000
[5710000 ns] led_out = 1000000000000000
[5730000 ns] led_out = 0000000000000000
[5750000 ns] led_out = 1000000000000000
[5770000 ns] led_out = 1100000000000000
[5790000 ns] led_out = 1110000000000000
[5810000 ns] led_out = 1111000000000000
[5830000 ns] led_out = 1110000000000000
[5850000 ns] led_out = 1100000000000000
[5870000 ns] led_out = 1000000000000000
[5890000 ns] led_out = 0000000000000000
[5910000 ns] led_out = 0000000000000001
[5930000 ns] led_out = 0000000000000011
[5950000 ns] led_out = 0000000000000111
[5970000 ns] led_out = 0000000000001111
[5990000 ns] led_out = 0000000000000111
[6010000 ns] led_out = 0000000000000011
[6030000 ns] led_out = 0000000000000001
[6050000 ns] led_out = 0000000000000000
[6070000 ns] led_out = 0000000000000001
[6090000 ns] led_out = 0000000000000011
[6110000 ns] led_out = 0000000000000111
[6130000 ns] led_out = 0000000000001111
[6150000 ns] led_out = 0000000000011111
[6170000 ns] led_out = 0000000000111111
[6190000 ns] led_out = 0000000001111111
[6210000 ns] led_out = 0000000011111111
[6230000 ns] led_out = 0000000001111111
[6250000 ns] led_out = 0000000000111111
[6270000 ns] led_out = 0000000000011111
[6290000 ns] led_out = 0000000000001111
[6310000 ns] led_out = 0000000000011111
[6330000 ns] led_out = 0000000000111111
[6350000 ns] led_out = 0000000001111111
[6370000 ns] led_out = 0000000011111111
[6390000 ns] led_out = 0000000111111111
[6410000 ns] led_out = 0000001111111111
[6430000 ns] led_out = 0000011111111111
[6450000 ns] led_out = 0000111111111111
[6470000 ns] led_out = 0000011111111111
[6490000 ns] led_out = 0000001111111111
[6510000 ns] led_out = 0000000111111111
[6530000 ns] led_out = 0000000011111111
[6550000 ns] led_out = 0000000111111111
[6570000 ns] led_out = 0000001111111111
[6590000 ns] led_out = 0000011111111111
[6610000 ns] led_out = 0000111111111111
[6630000 ns] led_out = 0001111111111111
[6650000 ns] led_out = 0011111111111111
[6670000 ns] led_out = 0111111111111111
[6690000 ns] led_out = 1111111111111111
[6710000 ns] led_out = 0111111111111111
[6730000 ns] led_out = 0011111111111111
[6750000 ns] led_out = 0001111111111111
[6770000 ns] led_out = 0000111111111111
[6790000 ns] led_out = 0001111111111111
[6810000 ns] led_out = 0011111111111111
[6830000 ns] led_out = 0111111111111111
[6850000 ns] led_out = 1111111111111111
[6870000 ns] led_out = 1111111111111110
[6890000 ns] led_out = 1111111111111100
[6910000 ns] led_out = 1111111111111000
[6930000 ns] led_out = 1111111111110000
[6950000 ns] led_out = 1111111111111000
[6970000 ns] led_out = 1111111111111100
[6990000 ns] led_out = 1111111111111110
[7010000 ns] led_out = 1111111111111111
[7030000 ns] led_out = 1111111111111110
[7050000 ns] led_out = 1111111111111100
[7070000 ns] led_out = 1111111111111000
[7090000 ns] led_out = 1111111111110000
[7110000 ns] led_out = 1111111111100000
[7130000 ns] led_out = 1111111111000000
[7150000 ns] led_out = 1111111110000000
[7170000 ns] led_out = 1111111100000000
[7190000 ns] led_out = 1111111110000000
[7210000 ns] led_out = 1111111111000000
[7230000 ns] led_out = 1111111111100000
[7250000 ns] led_out = 1111111111110000
[7270000 ns] led_out = 1111111111100000
[7290000 ns] led_out = 1111111111000000
[7310000 ns] led_out = 1111111110000000
[7330000 ns] led_out = 1111111100000000
[7350000 ns] led_out = 1111111000000000
[7370000 ns] led_out = 1111110000000000
[7390000 ns] led_out = 1111100000000000
[7410000 ns] led_out = 1111000000000000
[7430000 ns] led_out = 1111100000000000
[7450000 ns] led_out = 1111110000000000
[7470000 ns] led_out = 1111111000000000
[7490000 ns] led_out = 1111111100000000
[7510000 ns] led_out = 1111111000000000
[7530000 ns] led_out = 1111110000000000
[7550000 ns] led_out = 1111100000000000
[7570000 ns] led_out = 1111000000000000
[7590000 ns] led_out = 1110000000000000
[7610000 ns] led_out = 1100000000000000
[7630000 ns] led_out = 1000000000000000
[7650000 ns] led_out = 0000000000000000
[7670000 ns] led_out = 1000000000000000
[7690000 ns] led_out = 1100000000000000
[7710000 ns] led_out = 1110000000000000
[7730000 ns] led_out = 1111000000000000
[7750000 ns] led_out = 1110000000000000
[7770000 ns] led_out = 1100000000000000
[7790000 ns] led_out = 1000000000000000
[7810000 ns] led_out = 0000000000000000
[7830000 ns] led_out = 0000000000000001
[7850000 ns] led_out = 0000000000000011
[7870000 ns] led_out = 0000000000000111
[7890000 ns] led_out = 0000000000001111
[7910000 ns] led_out = 0000000000000111
[7930000 ns] led_out = 0000000000000011
[7950000 ns] led_out = 0000000000000001
========== TEST 2: Tat start_sig, ve IDLE ==========
[7970000 ns] led_out = 0000000000000000
========== TEST 3: Restart ==========
[8131000 ns] Restart!
[8170000 ns] led_out = 0000000000000001
[8190000 ns] led_out = 0000000000000011
[8210000 ns] led_out = 0000000000000111
[8230000 ns] led_out = 0000000000001111
[8250000 ns] led_out = 0000000000011111
[8270000 ns] led_out = 0000000000111111
[8290000 ns] led_out = 0000000001111111
[8310000 ns] led_out = 0000000011111111
[8330000 ns] led_out = 0000000001111111
[8350000 ns] led_out = 0000000000111111
[8370000 ns] led_out = 0000000000011111
[8390000 ns] led_out = 0000000000001111
[8410000 ns] led_out = 0000000000011111
[8430000 ns] led_out = 0000000000111111
[8450000 ns] led_out = 0000000001111111
[8470000 ns] led_out = 0000000011111111
[8490000 ns] led_out = 0000000111111111
[8510000 ns] led_out = 0000001111111111
[8530000 ns] led_out = 0000011111111111
[8550000 ns] led_out = 0000111111111111
[8570000 ns] led_out = 0000011111111111
[8590000 ns] led_out = 0000001111111111
[8610000 ns] led_out = 0000000111111111
[8630000 ns] led_out = 0000000011111111
[8650000 ns] led_out = 0000000111111111
[8670000 ns] led_out = 0000001111111111
[8690000 ns] led_out = 0000011111111111
[8710000 ns] led_out = 0000111111111111
[8730000 ns] led_out = 0001111111111111
[8750000 ns] led_out = 0011111111111111
[8770000 ns] led_out = 0111111111111111
[8790000 ns] led_out = 1111111111111111
[8810000 ns] led_out = 0111111111111111
[8830000 ns] led_out = 0011111111111111
[8850000 ns] led_out = 0001111111111111
[8870000 ns] led_out = 0000111111111111
[8890000 ns] led_out = 0001111111111111
[8910000 ns] led_out = 0011111111111111
[8930000 ns] led_out = 0111111111111111
[8950000 ns] led_out = 1111111111111111
[8970000 ns] led_out = 1111111111111110
[8990000 ns] led_out = 1111111111111100
[9010000 ns] led_out = 1111111111111000
[9030000 ns] led_out = 1111111111110000
[9050000 ns] led_out = 1111111111111000
[9070000 ns] led_out = 1111111111111100
[9090000 ns] led_out = 1111111111111110
[9110000 ns] led_out = 1111111111111111
[9130000 ns] led_out = 1111111111111110
[9150000 ns] led_out = 1111111111111100
[9170000 ns] led_out = 1111111111111000
[9190000 ns] led_out = 1111111111110000
[9210000 ns] led_out = 1111111111100000
[9230000 ns] led_out = 1111111111000000
[9250000 ns] led_out = 1111111110000000
[9270000 ns] led_out = 1111111100000000
[9290000 ns] led_out = 1111111110000000
[9310000 ns] led_out = 1111111111000000
[9330000 ns] led_out = 1111111111100000
[9350000 ns] led_out = 1111111111110000
[9370000 ns] led_out = 1111111111100000
[9390000 ns] led_out = 1111111111000000
[9410000 ns] led_out = 1111111110000000
[9430000 ns] led_out = 1111111100000000
[9450000 ns] led_out = 1111111000000000
[9470000 ns] led_out = 1111110000000000
[9490000 ns] led_out = 1111100000000000
[9510000 ns] led_out = 1111000000000000
[9530000 ns] led_out = 1111100000000000
[9550000 ns] led_out = 1111110000000000
[9570000 ns] led_out = 1111111000000000
[9590000 ns] led_out = 1111111100000000
[9610000 ns] led_out = 1111111000000000
[9630000 ns] led_out = 1111110000000000
[9650000 ns] led_out = 1111100000000000
[9670000 ns] led_out = 1111000000000000
[9690000 ns] led_out = 1110000000000000
[9710000 ns] led_out = 1100000000000000
[9730000 ns] led_out = 1000000000000000
[9750000 ns] led_out = 0000000000000000
[9770000 ns] led_out = 1000000000000000
[9790000 ns] led_out = 1100000000000000
[9810000 ns] led_out = 1110000000000000
[9830000 ns] led_out = 1111000000000000
[9850000 ns] led_out = 1110000000000000
[9870000 ns] led_out = 1100000000000000
[9890000 ns] led_out = 1000000000000000
[9910000 ns] led_out = 0000000000000000
[9930000 ns] led_out = 0000000000000001
[9950000 ns] led_out = 0000000000000011
[9970000 ns] led_out = 0000000000000111
[9990000 ns] led_out = 0000000000001111
[10010000 ns] led_out = 0000000000000111
[10030000 ns] led_out = 0000000000000011
[10050000 ns] led_out = 0000000000000001
[10070000 ns] led_out = 0000000000000000
[10090000 ns] led_out = 0000000000000001
[10110000 ns] led_out = 0000000000000011
[10130000 ns] led_out = 0000000000000111
[10150000 ns] led_out = 0000000000001111
[10170000 ns] led_out = 0000000000011111
[10190000 ns] led_out = 0000000000111111
[10210000 ns] led_out = 0000000001111111
[10230000 ns] led_out = 0000000011111111
[10250000 ns] led_out = 0000000001111111
[10270000 ns] led_out = 0000000000111111
[10290000 ns] led_out = 0000000000011111
[10310000 ns] led_out = 0000000000001111
[10330000 ns] led_out = 0000000000011111
[10350000 ns] led_out = 0000000000111111
[10370000 ns] led_out = 0000000001111111
[10390000 ns] led_out = 0000000011111111
[10410000 ns] led_out = 0000000111111111
[10430000 ns] led_out = 0000001111111111
[10450000 ns] led_out = 0000011111111111
[10470000 ns] led_out = 0000111111111111
[10490000 ns] led_out = 0000011111111111
[10510000 ns] led_out = 0000001111111111
[10530000 ns] led_out = 0000000111111111
[10550000 ns] led_out = 0000000011111111
[10570000 ns] led_out = 0000000111111111
[10590000 ns] led_out = 0000001111111111
[10610000 ns] led_out = 0000011111111111
[10630000 ns] led_out = 0000111111111111
[10650000 ns] led_out = 0001111111111111
[10670000 ns] led_out = 0011111111111111
[10690000 ns] led_out = 0111111111111111
[10710000 ns] led_out = 1111111111111111
[10730000 ns] led_out = 0111111111111111
[10750000 ns] led_out = 0011111111111111
[10770000 ns] led_out = 0001111111111111
[10790000 ns] led_out = 0000111111111111
[10810000 ns] led_out = 0001111111111111
[10830000 ns] led_out = 0011111111111111
[10850000 ns] led_out = 0111111111111111
[10870000 ns] led_out = 1111111111111111
[10890000 ns] led_out = 1111111111111110
[10910000 ns] led_out = 1111111111111100
[10930000 ns] led_out = 1111111111111000
[10950000 ns] led_out = 1111111111110000
[10970000 ns] led_out = 1111111111111000
[10990000 ns] led_out = 1111111111111100
[11010000 ns] led_out = 1111111111111110
[11030000 ns] led_out = 1111111111111111
[11050000 ns] led_out = 1111111111111110
[11070000 ns] led_out = 1111111111111100
[11090000 ns] led_out = 1111111111111000
[11110000 ns] led_out = 1111111111110000
[11130000 ns] led_out = 1111111111100000
[11150000 ns] led_out = 1111111111000000
[11170000 ns] led_out = 1111111110000000
[11190000 ns] led_out = 1111111100000000
[11210000 ns] led_out = 1111111110000000
[11230000 ns] led_out = 1111111111000000
[11250000 ns] led_out = 1111111111100000
[11270000 ns] led_out = 1111111111110000
[11290000 ns] led_out = 1111111111100000
[11310000 ns] led_out = 1111111111000000
[11330000 ns] led_out = 1111111110000000
[11350000 ns] led_out = 1111111100000000
[11370000 ns] led_out = 1111111000000000
[11390000 ns] led_out = 1111110000000000
[11410000 ns] led_out = 1111100000000000
[11430000 ns] led_out = 1111000000000000
[11450000 ns] led_out = 1111100000000000
[11470000 ns] led_out = 1111110000000000
[11490000 ns] led_out = 1111111000000000
[11510000 ns] led_out = 1111111100000000
[11530000 ns] led_out = 1111111000000000
[11550000 ns] led_out = 1111110000000000
[11570000 ns] led_out = 1111100000000000
[11590000 ns] led_out = 1111000000000000
[11610000 ns] led_out = 1110000000000000
[11630000 ns] led_out = 1100000000000000
[11650000 ns] led_out = 1000000000000000
[11670000 ns] led_out = 0000000000000000
[11690000 ns] led_out = 1000000000000000
[11710000 ns] led_out = 1100000000000000
[11730000 ns] led_out = 1110000000000000
[11750000 ns] led_out = 1111000000000000
[11770000 ns] led_out = 1110000000000000
[11790000 ns] led_out = 1100000000000000
[11810000 ns] led_out = 1000000000000000
[11830000 ns] led_out = 0000000000000000
[11850000 ns] led_out = 0000000000000001
[11870000 ns] led_out = 0000000000000011
[11890000 ns] led_out = 0000000000000111
[11910000 ns] led_out = 0000000000001111
[11930000 ns] led_out = 0000000000000111
[11950000 ns] led_out = 0000000000000011
[11970000 ns] led_out = 0000000000000001
[11990000 ns] led_out = 0000000000000000
[12010000 ns] led_out = 0000000000000001
[12030000 ns] led_out = 0000000000000011
[12050000 ns] led_out = 0000000000000111
[12070000 ns] led_out = 0000000000001111
[12090000 ns] led_out = 0000000000011111
[12110000 ns] led_out = 0000000000111111
[12130000 ns] led_out = 0000000001111111
[12150000 ns] led_out = 0000000011111111
[12170000 ns] led_out = 0000000001111111
[12190000 ns] led_out = 0000000000111111
[12210000 ns] led_out = 0000000000011111
[12230000 ns] led_out = 0000000000001111
[12250000 ns] led_out = 0000000000011111
[12270000 ns] led_out = 0000000000111111
[12290000 ns] led_out = 0000000001111111
[12310000 ns] led_out = 0000000011111111
[12330000 ns] led_out = 0000000111111111
[12350000 ns] led_out = 0000001111111111
[12370000 ns] led_out = 0000011111111111
[12390000 ns] led_out = 0000111111111111
[12410000 ns] led_out = 0000011111111111
[12430000 ns] led_out = 0000001111111111
[12450000 ns] led_out = 0000000111111111
[12470000 ns] led_out = 0000000011111111
[12490000 ns] led_out = 0000000111111111
[12510000 ns] led_out = 0000001111111111
[12530000 ns] led_out = 0000011111111111
[12550000 ns] led_out = 0000111111111111
[12570000 ns] led_out = 0001111111111111
[12590000 ns] led_out = 0011111111111111
[12610000 ns] led_out = 0111111111111111
[12630000 ns] led_out = 1111111111111111
[12650000 ns] led_out = 0111111111111111
[12670000 ns] led_out = 0011111111111111
[12690000 ns] led_out = 0001111111111111
[12710000 ns] led_out = 0000111111111111
[12730000 ns] led_out = 0001111111111111
[12750000 ns] led_out = 0011111111111111
[12770000 ns] led_out = 0111111111111111
[12790000 ns] led_out = 1111111111111111
[12810000 ns] led_out = 1111111111111110
[12830000 ns] led_out = 1111111111111100
[12850000 ns] led_out = 1111111111111000
[12870000 ns] led_out = 1111111111110000
[12890000 ns] led_out = 1111111111111000
[12910000 ns] led_out = 1111111111111100
[12930000 ns] led_out = 1111111111111110
[12950000 ns] led_out = 1111111111111111
[12970000 ns] led_out = 1111111111111110
[12990000 ns] led_out = 1111111111111100
[13010000 ns] led_out = 1111111111111000
[13030000 ns] led_out = 1111111111110000
[13050000 ns] led_out = 1111111111100000
[13070000 ns] led_out = 1111111111000000
[13090000 ns] led_out = 1111111110000000
[13110000 ns] led_out = 1111111100000000
[13130000 ns] led_out = 1111111110000000
[13150000 ns] led_out = 1111111111000000
[13170000 ns] led_out = 1111111111100000
[13190000 ns] led_out = 1111111111110000
[13210000 ns] led_out = 1111111111100000
[13230000 ns] led_out = 1111111111000000
[13250000 ns] led_out = 1111111110000000
[13270000 ns] led_out = 1111111100000000
[13290000 ns] led_out = 1111111000000000
[13310000 ns] led_out = 1111110000000000
[13330000 ns] led_out = 1111100000000000
[13350000 ns] led_out = 1111000000000000
[13370000 ns] led_out = 1111100000000000
[13390000 ns] led_out = 1111110000000000
[13410000 ns] led_out = 1111111000000000
[13430000 ns] led_out = 1111111100000000
[13450000 ns] led_out = 1111111000000000
[13470000 ns] led_out = 1111110000000000
[13490000 ns] led_out = 1111100000000000
[13510000 ns] led_out = 1111000000000000
[13530000 ns] led_out = 1110000000000000
[13550000 ns] led_out = 1100000000000000
[13570000 ns] led_out = 1000000000000000
[13590000 ns] led_out = 0000000000000000
[13610000 ns] led_out = 1000000000000000
[13630000 ns] led_out = 1100000000000000
[13650000 ns] led_out = 1110000000000000
[13670000 ns] led_out = 1111000000000000
[13690000 ns] led_out = 1110000000000000
[13710000 ns] led_out = 1100000000000000
[13730000 ns] led_out = 1000000000000000
[13750000 ns] led_out = 0000000000000000
[13770000 ns] led_out = 0000000000000001
[13790000 ns] led_out = 0000000000000011
[13810000 ns] led_out = 0000000000000111
[13830000 ns] led_out = 0000000000001111
[13850000 ns] led_out = 0000000000000111
[13870000 ns] led_out = 0000000000000011
[13890000 ns] led_out = 0000000000000001
[13910000 ns] led_out = 0000000000000000
[13930000 ns] led_out = 0000000000000001
[13950000 ns] led_out = 0000000000000011
[13970000 ns] led_out = 0000000000000111
[13990000 ns] led_out = 0000000000001111
[14010000 ns] led_out = 0000000000011111
[14030000 ns] led_out = 0000000000111111
[14050000 ns] led_out = 0000000001111111
[14070000 ns] led_out = 0000000011111111
[14090000 ns] led_out = 0000000001111111
[14110000 ns] led_out = 0000000000111111
[14130000 ns] led_out = 0000000000011111
[14150000 ns] led_out = 0000000000001111
[14170000 ns] led_out = 0000000000011111
[14190000 ns] led_out = 0000000000111111
[14210000 ns] led_out = 0000000001111111
[14230000 ns] led_out = 0000000011111111
========== TEST 4: Reset giua chung ==========
[14231000 ns] led_out = 0000000000000000
[14350000 ns] led_out = 0000000000000001
[14370000 ns] led_out = 0000000000000011
[14390000 ns] led_out = 0000000000000111
[14410000 ns] led_out = 0000000000001111
[14430000 ns] led_out = 0000000000011111
[14450000 ns] led_out = 0000000000111111
[14470000 ns] led_out = 0000000001111111
[14490000 ns] led_out = 0000000011111111
[14510000 ns] led_out = 0000000001111111
[14530000 ns] led_out = 0000000000111111
[14550000 ns] led_out = 0000000000011111
[14570000 ns] led_out = 0000000000001111
[14590000 ns] led_out = 0000000000011111
[14610000 ns] led_out = 0000000000111111
[14630000 ns] led_out = 0000000001111111
[14650000 ns] led_out = 0000000011111111
[14670000 ns] led_out = 0000000111111111
[14690000 ns] led_out = 0000001111111111
[14710000 ns] led_out = 0000011111111111
[14711000 ns] Reset giua chung!
[14711000 ns] led_out = 0000000000000000
[14790000 ns] led_out = 0000000000000001
[14810000 ns] led_out = 0000000000000011
[14830000 ns] led_out = 0000000000000111
[14850000 ns] led_out = 0000000000001111
[14870000 ns] led_out = 0000000000011111
[14890000 ns] led_out = 0000000000111111
[14910000 ns] led_out = 0000000001111111
[14930000 ns] led_out = 0000000011111111
[14950000 ns] led_out = 0000000001111111
========== END SIMULATION ==========
$finish called at time : 14951 ns : File "C:/Users/ASUS/Desktop/testbench_ring_flasher.v" Line 92
